<?xml version="1.0" encoding="utf-8"?><testsuites name="pytest tests"><testsuite name="pytest" errors="0" failures="0" skipped="0" tests="5" time="0.021" timestamp="2026-03-08T22:37:03.672611-04:00" hostname="Mathiass-MBP"><testcase classname="sources.test_calc.TestCalc" name="test_add_floats" time="0.001" /><testcase classname="sources.test_calc.TestCalc" name="test_add_integers" time="0.001" /><testcase classname="sources.test_calc.TestCalc" name="test_add_string_and_integer" time="0.001" /><testcase classname="sources.test_calc.TestCalc" name="test_add_string_and_number" time="0.000" /><testcase classname="sources.test_calc.TestCalc" name="test_add_strings" time="0.001" /></testsuite></testsuites>